stm32f3xx_hal_msp.c:66:6:HAL_MspInit	16	static
stm32f3xx_hal_msp.c:90:6:HAL_ADC_MspInit	40	static
stm32f3xx_hal_msp.c:123:6:HAL_ADC_MspDeInit	0	static
stm32f3xx_hal_msp.c:151:6:HAL_I2C_MspInit	40	static
stm32f3xx_hal_msp.c:187:6:HAL_I2C_MspDeInit	0	static
stm32f3xx_hal_msp.c:216:6:HAL_TIM_PWM_MspInit	8	static
stm32f3xx_hal_msp.c:232:6:HAL_TIM_MspPostInit	32	static
stm32f3xx_hal_msp.c:264:6:HAL_TIM_PWM_MspDeInit	0	static
stm32f3xx_hal_msp.c:286:6:HAL_UART_MspInit	48	static
stm32f3xx_hal_msp.c:346:6:HAL_UART_MspDeInit	0	static
