syscalls.c:77:6:initialise_monitor_handles	0	static
syscalls.c:81:5:_getpid	0	static
syscalls.c:86:5:_kill	8	static
syscalls.c:92:6:_exit	8	static
syscalls.c:98:5:_read	8	static
syscalls.c:118:5:_write	8	static
syscalls.c:145:5:_close	0	static
syscalls.c:151:5:_fstat	0	static
syscalls.c:157:5:_isatty	0	static
syscalls.c:162:5:_lseek	0	static
syscalls.c:167:5:_open	0	static
syscalls.c:173:5:_wait	8	static
syscalls.c:179:5:_unlink	8	static
syscalls.c:185:5:_times	0	static
syscalls.c:190:5:_stat	0	static
syscalls.c:196:5:_link	8	static
syscalls.c:202:5:_fork	8	static
syscalls.c:208:5:_execve	8	static
